# serializer version: 1
# name: test_user_options
  dict({
    'extended_api': True,
  })
# ---
