# serializer version: 1
# name: test_diagnostics
  dict({
    'energy': dict({
      'all_prices': dict({
        '2022-12-06 23:00:00+00:00': 0.512435,
        '2022-12-07 00:00:00+00:00': 0.468512,
        '2022-12-07 01:00:00+00:00': 0.40994800000000003,
        '2022-12-07 02:00:00+00:00': 0.380666,
        '2022-12-07 03:00:00+00:00': 0.39530699999999996,
        '2022-12-07 04:00:00+00:00': 0.40994800000000003,
        '2022-12-07 05:00:00+00:00': 0.40994800000000003,
        '2022-12-07 06:00:00+00:00': 0.556358,
        '2022-12-07 07:00:00+00:00': 0.6002809999999998,
        '2022-12-07 08:00:00+00:00': 0.6734859999999999,
        '2022-12-07 09:00:00+00:00': 0.644204,
        '2022-12-07 10:00:00+00:00': 0.5709989999999999,
        '2022-12-07 11:00:00+00:00': 0.483153,
        '2022-12-07 12:00:00+00:00': 0.541717,
        '2022-12-07 13:00:00+00:00': 0.644204,
        '2022-12-07 14:00:00+00:00': 0.702768,
        '2022-12-07 15:00:00+00:00': 0.717409,
        '2022-12-07 16:00:00+00:00': 0.8052549999999999,
        '2022-12-07 17:00:00+00:00': 0.541717,
        '2022-12-07 18:00:00+00:00': 0.5856399999999999,
        '2022-12-07 19:00:00+00:00': 0.5856399999999999,
        '2022-12-07 20:00:00+00:00': 0.468512,
        '2022-12-07 21:00:00+00:00': 0.483153,
        '2022-12-07 22:00:00+00:00': 0.45387099999999997,
      }),
      'average_price': 0.54,
      'current_hour_price': 0.717409,
      'highest_price_time': '2022-12-07T16:00:00+00:00',
      'lowest_price_time': '2022-12-07T02:00:00+00:00',
      'max_price': 0.8052549999999999,
      'min_price': 0.380666,
      'next_hour_price': 0.8052549999999999,
      'percentage_of_max': 89.09,
      'template': '{% set s = {"BTW": 1.21 } %}{{ price * s.BTW | float | round(5)}}',
    }),
    'entry': dict({
      'title': 'energy',
    }),
    'gas': dict({
      'all_prices': dict({
        '2022-12-05 23:00:00+00:00': 1.7303,
        '2022-12-06 00:00:00+00:00': 1.7303,
        '2022-12-06 01:00:00+00:00': 1.7303,
        '2022-12-06 02:00:00+00:00': 1.7303,
        '2022-12-06 03:00:00+00:00': 1.7303,
        '2022-12-06 04:00:00+00:00': 1.7303,
        '2022-12-06 05:00:00+00:00': 1.7545,
        '2022-12-06 06:00:00+00:00': 1.7545,
        '2022-12-06 07:00:00+00:00': 1.7545,
        '2022-12-06 08:00:00+00:00': 1.7545,
        '2022-12-06 09:00:00+00:00': 1.7545,
        '2022-12-06 10:00:00+00:00': 1.7545,
        '2022-12-06 11:00:00+00:00': 1.7545,
        '2022-12-06 12:00:00+00:00': 1.7545,
        '2022-12-06 13:00:00+00:00': 1.7545,
        '2022-12-06 14:00:00+00:00': 1.7545,
        '2022-12-06 15:00:00+00:00': 1.7545,
        '2022-12-06 16:00:00+00:00': 1.7545,
        '2022-12-06 17:00:00+00:00': 1.7545,
        '2022-12-06 18:00:00+00:00': 1.7545,
        '2022-12-06 19:00:00+00:00': 1.7545,
        '2022-12-06 20:00:00+00:00': 1.7545,
        '2022-12-06 21:00:00+00:00': 1.7545,
        '2022-12-06 22:00:00+00:00': 1.7545,
        '2022-12-06 23:00:00+00:00': 1.7545,
        '2022-12-07 00:00:00+00:00': 1.7545,
        '2022-12-07 01:00:00+00:00': 1.7545,
        '2022-12-07 02:00:00+00:00': 1.7545,
        '2022-12-07 03:00:00+00:00': 1.7545,
        '2022-12-07 04:00:00+00:00': 1.7545,
        '2022-12-07 05:00:00+00:00': 1.7787,
        '2022-12-07 06:00:00+00:00': 1.7787,
        '2022-12-07 07:00:00+00:00': 1.7787,
        '2022-12-07 08:00:00+00:00': 1.7787,
        '2022-12-07 09:00:00+00:00': 1.7787,
        '2022-12-07 10:00:00+00:00': 1.7787,
        '2022-12-07 11:00:00+00:00': 1.7787,
        '2022-12-07 12:00:00+00:00': 1.7787,
        '2022-12-07 13:00:00+00:00': 1.7787,
        '2022-12-07 14:00:00+00:00': 1.7787,
        '2022-12-07 15:00:00+00:00': 1.7787,
        '2022-12-07 16:00:00+00:00': 1.7787,
        '2022-12-07 17:00:00+00:00': 1.7787,
        '2022-12-07 18:00:00+00:00': 1.7787,
        '2022-12-07 19:00:00+00:00': 1.7787,
        '2022-12-07 20:00:00+00:00': 1.7787,
        '2022-12-07 21:00:00+00:00': 1.7787,
        '2022-12-07 22:00:00+00:00': 1.7787,
      }),
      'current_hour_price': 1.7787,
      'next_hour_price': 1.7787,
      'template': '{% set s = {"BTW": 1.21 } %}{{ price * s.BTW | float | round(5)}}',
    }),
  })
# ---
# name: test_diagnostics_no_gas_today
  dict({
    'energy': dict({
      'all_prices': dict({
        '2022-12-06 23:00:00+00:00': 0.7502560835,
        '2022-12-07 00:00:00+00:00': 0.6859484191999999,
        '2022-12-07 01:00:00+00:00': 0.6002048668,
        '2022-12-07 02:00:00+00:00': 0.5573330905999999,
        '2022-12-07 03:00:00+00:00': 0.5787689786999999,
        '2022-12-07 04:00:00+00:00': 0.6002048668,
        '2022-12-07 05:00:00+00:00': 0.6002048668,
        '2022-12-07 06:00:00+00:00': 0.8145637478000001,
        '2022-12-07 07:00:00+00:00': 0.8788714120999997,
        '2022-12-07 08:00:00+00:00': 0.9860508525999998,
        '2022-12-07 09:00:00+00:00': 0.9431790764,
        '2022-12-07 10:00:00+00:00': 0.8359996358999999,
        '2022-12-07 11:00:00+00:00': 0.7073843072999999,
        '2022-12-07 12:00:00+00:00': 0.7931278596999999,
        '2022-12-07 13:00:00+00:00': 0.9431790764,
        '2022-12-07 14:00:00+00:00': 1.0289226287999997,
        '2022-12-07 15:00:00+00:00': 1.0503585169,
        '2022-12-07 16:00:00+00:00': 1.1789738454999998,
        '2022-12-07 17:00:00+00:00': 0.7931278596999999,
        '2022-12-07 18:00:00+00:00': 0.8574355239999999,
        '2022-12-07 19:00:00+00:00': 0.8574355239999999,
        '2022-12-07 20:00:00+00:00': 0.6859484191999999,
        '2022-12-07 21:00:00+00:00': 0.7073843072999999,
        '2022-12-07 22:00:00+00:00': 0.6645125311,
      }),
      'average_price': 0.8,
      'current_hour_price': 1.0503585169,
      'highest_price_time': '2022-12-07T16:00:00+00:00',
      'lowest_price_time': '2022-12-07T02:00:00+00:00',
      'max_price': 1.1789738454999998,
      'min_price': 0.5573330905999999,
      'next_hour_price': 1.1789738454999998,
      'percentage_of_max': 89.09,
      'template': '{% set s = {"BTW": 1.21 } %}{{ price * s.BTW | float | round(5)}}',
    }),
    'entry': dict({
      'title': 'energy',
    }),
    'gas': dict({
      'all_prices': None,
      'current_hour_price': None,
      'next_hour_price': None,
      'template': '{% set s = {"BTW": 1.21 } %}{{ price * s.BTW | float | round(5)}}',
    }),
  })
# ---
