# serializer version: 1
# name: test_sensors[switch.technove_station_auto_charge-entry]
  EntityRegistryEntrySnapshot({
    'aliases': set({
    }),
    'area_id': None,
    'capabilities': None,
    'config_entry_id': <ANY>,
    'device_class': None,
    'device_id': <ANY>,
    'disabled_by': None,
    'domain': 'switch',
    'entity_category': <EntityCategory.CONFIG: 'config'>,
    'entity_id': 'switch.technove_station_auto_charge',
    'has_entity_name': True,
    'hidden_by': None,
    'icon': None,
    'id': <ANY>,
    'name': None,
    'options': dict({
    }),
    'original_device_class': None,
    'original_icon': None,
    'original_name': 'Auto Charge',
    'platform': 'technove',
    'previous_unique_id': None,
    'supported_features': 0,
    'translation_key': 'auto-charge',
    'unique_id': 'AA:AA:AA:AA:AA:BB_auto_charge',
    'unit_of_measurement': None,
  })
# ---
# name: test_sensors[switch.technove_station_auto_charge-state]
  StateSnapshot({
    'attributes': ReadOnlyDict({
      'friendly_name': 'TechnoVE Station Auto Charge',
    }),
    'context': <ANY>,
    'entity_id': 'switch.technove_station_auto_charge',
    'last_changed': <ANY>,
    'last_updated': <ANY>,
    'state': 'on',
  })
# ---
