# serializer version: 1
# name: test_switch_setup
  EntityRegistryEntrySnapshot({
    'aliases': set({
    }),
    'area_id': None,
    'capabilities': None,
    'config_entry_id': <ANY>,
    'device_class': None,
    'device_id': <ANY>,
    'disabled_by': None,
    'domain': 'switch',
    'entity_category': None,
    'entity_id': 'switch.mockedusbdevice_socket_0',
    'has_entity_name': True,
    'hidden_by': None,
    'icon': None,
    'id': <ANY>,
    'labels': set({
    }),
    'name': None,
    'options': dict({
    }),
    'original_device_class': <SwitchDeviceClass.OUTLET: 'outlet'>,
    'original_icon': None,
    'original_name': 'Socket 0',
    'platform': 'egps',
    'previous_unique_id': None,
    'supported_features': 0,
    'translation_key': None,
    'unique_id': 'DYPS:00:11:22_0',
    'unit_of_measurement': None,
  })
# ---
