# serializer version: 1
# name: test_snapshot_number[number.test_mower_1_cutting_height-entry]
  EntityRegistryEntrySnapshot({
    'aliases': set({
    }),
    'area_id': None,
    'capabilities': dict({
      'max': 9,
      'min': 1,
      'mode': <NumberMode.AUTO: 'auto'>,
      'step': 1.0,
    }),
    'config_entry_id': <ANY>,
    'device_class': None,
    'device_id': <ANY>,
    'disabled_by': None,
    'domain': 'number',
    'entity_category': <EntityCategory.CONFIG: 'config'>,
    'entity_id': 'number.test_mower_1_cutting_height',
    'has_entity_name': True,
    'hidden_by': None,
    'icon': None,
    'id': <ANY>,
    'labels': set({
    }),
    'name': None,
    'options': dict({
    }),
    'original_device_class': None,
    'original_icon': None,
    'original_name': 'Cutting height',
    'platform': 'husqvarna_automower',
    'previous_unique_id': None,
    'supported_features': 0,
    'translation_key': 'cutting_height',
    'unique_id': 'c7233734-b219-4287-a173-08e3643f89f0_cutting_height',
    'unit_of_measurement': None,
  })
# ---
# name: test_snapshot_number[number.test_mower_1_cutting_height-state]
  StateSnapshot({
    'attributes': ReadOnlyDict({
      'friendly_name': 'Test Mower 1 Cutting height',
      'max': 9,
      'min': 1,
      'mode': <NumberMode.AUTO: 'auto'>,
      'step': 1.0,
    }),
    'context': <ANY>,
    'entity_id': 'number.test_mower_1_cutting_height',
    'last_changed': <ANY>,
    'last_reported': <ANY>,
    'last_updated': <ANY>,
    'state': '4',
  })
# ---
# name: test_snapshot_number[number.test_mower_1_cutting_height_back_lawn-entry]
  EntityRegistryEntrySnapshot({
    'aliases': set({
    }),
    'area_id': None,
    'capabilities': dict({
      'max': 100,
      'min': 0,
      'mode': <NumberMode.AUTO: 'auto'>,
      'step': 1.0,
    }),
    'config_entry_id': <ANY>,
    'device_class': None,
    'device_id': <ANY>,
    'disabled_by': None,
    'domain': 'number',
    'entity_category': <EntityCategory.CONFIG: 'config'>,
    'entity_id': 'number.test_mower_1_cutting_height_back_lawn',
    'has_entity_name': True,
    'hidden_by': None,
    'icon': None,
    'id': <ANY>,
    'labels': set({
    }),
    'name': None,
    'options': dict({
    }),
    'original_device_class': None,
    'original_icon': None,
    'original_name': 'Cutting height Back lawn',
    'platform': 'husqvarna_automower',
    'previous_unique_id': None,
    'supported_features': 0,
    'translation_key': 'cutting_height_work_area',
    'unique_id': 'c7233734-b219-4287-a173-08e3643f89f0_cutting_height_work_area_654321',
    'unit_of_measurement': None,
  })
# ---
# name: test_snapshot_number[number.test_mower_1_cutting_height_back_lawn-state]
  StateSnapshot({
    'attributes': ReadOnlyDict({
      'friendly_name': 'Test Mower 1 Cutting height Back lawn',
      'max': 100,
      'min': 0,
      'mode': <NumberMode.AUTO: 'auto'>,
      'step': 1.0,
    }),
    'context': <ANY>,
    'entity_id': 'number.test_mower_1_cutting_height_back_lawn',
    'last_changed': <ANY>,
    'last_reported': <ANY>,
    'last_updated': <ANY>,
    'state': '25',
  })
# ---
# name: test_snapshot_number[number.test_mower_1_cutting_height_front_lawn-entry]
  EntityRegistryEntrySnapshot({
    'aliases': set({
    }),
    'area_id': None,
    'capabilities': dict({
      'max': 100,
      'min': 0,
      'mode': <NumberMode.AUTO: 'auto'>,
      'step': 1.0,
    }),
    'config_entry_id': <ANY>,
    'device_class': None,
    'device_id': <ANY>,
    'disabled_by': None,
    'domain': 'number',
    'entity_category': <EntityCategory.CONFIG: 'config'>,
    'entity_id': 'number.test_mower_1_cutting_height_front_lawn',
    'has_entity_name': True,
    'hidden_by': None,
    'icon': None,
    'id': <ANY>,
    'labels': set({
    }),
    'name': None,
    'options': dict({
    }),
    'original_device_class': None,
    'original_icon': None,
    'original_name': 'Cutting height Front lawn',
    'platform': 'husqvarna_automower',
    'previous_unique_id': None,
    'supported_features': 0,
    'translation_key': 'cutting_height_work_area',
    'unique_id': 'c7233734-b219-4287-a173-08e3643f89f0_cutting_height_work_area_123456',
    'unit_of_measurement': None,
  })
# ---
# name: test_snapshot_number[number.test_mower_1_cutting_height_front_lawn-state]
  StateSnapshot({
    'attributes': ReadOnlyDict({
      'friendly_name': 'Test Mower 1 Cutting height Front lawn',
      'max': 100,
      'min': 0,
      'mode': <NumberMode.AUTO: 'auto'>,
      'step': 1.0,
    }),
    'context': <ANY>,
    'entity_id': 'number.test_mower_1_cutting_height_front_lawn',
    'last_changed': <ANY>,
    'last_reported': <ANY>,
    'last_updated': <ANY>,
    'state': '50',
  })
# ---
# name: test_snapshot_number[number.test_mower_1_cutting_height_none-entry]
  EntityRegistryEntrySnapshot({
    'aliases': set({
    }),
    'area_id': None,
    'capabilities': dict({
      'max': 100,
      'min': 0,
      'mode': <NumberMode.AUTO: 'auto'>,
      'step': 1.0,
    }),
    'config_entry_id': <ANY>,
    'device_class': None,
    'device_id': <ANY>,
    'disabled_by': None,
    'domain': 'number',
    'entity_category': <EntityCategory.CONFIG: 'config'>,
    'entity_id': 'number.test_mower_1_cutting_height_none',
    'has_entity_name': True,
    'hidden_by': None,
    'icon': None,
    'id': <ANY>,
    'labels': set({
    }),
    'name': None,
    'options': dict({
    }),
    'original_device_class': None,
    'original_icon': None,
    'original_name': 'Cutting height None',
    'platform': 'husqvarna_automower',
    'previous_unique_id': None,
    'supported_features': 0,
    'translation_key': 'cutting_height_work_area',
    'unique_id': 'c7233734-b219-4287-a173-08e3643f89f0_cutting_height_work_area_0',
    'unit_of_measurement': None,
  })
# ---
# name: test_snapshot_number[number.test_mower_1_cutting_height_none-state]
  StateSnapshot({
    'attributes': ReadOnlyDict({
      'friendly_name': 'Test Mower 1 Cutting height None',
      'max': 100,
      'min': 0,
      'mode': <NumberMode.AUTO: 'auto'>,
      'step': 1.0,
    }),
    'context': <ANY>,
    'entity_id': 'number.test_mower_1_cutting_height_none',
    'last_changed': <ANY>,
    'last_reported': <ANY>,
    'last_updated': <ANY>,
    'state': '50',
  })
# ---
