# serializer version: 1
# name: test_device_diagnostics
  dict({
    'battery': dict({
      'battery_percent': 100,
    }),
    'calendar': dict({
      'tasks': list([
        dict({
          'duration': 300,
          'friday': True,
          'monday': True,
          'saturday': False,
          'start': 1140,
          'sunday': False,
          'thursday': False,
          'tuesday': False,
          'wednesday': True,
        }),
        dict({
          'duration': 480,
          'friday': False,
          'monday': False,
          'saturday': True,
          'start': 0,
          'sunday': False,
          'thursday': True,
          'tuesday': True,
          'wednesday': False,
        }),
      ]),
    }),
    'capabilities': dict({
      'headlights': True,
      'position': True,
      'stay_out_zones': False,
      'work_areas': False,
    }),
    'cutting_height': 4,
    'headlight': dict({
      'mode': 'EVENING_ONLY',
    }),
    'metadata': dict({
      'connected': True,
      'status_dateteime': '2023-10-18T22:58:52.683000+00:00',
    }),
    'mower': dict({
      'activity': 'PARKED_IN_CS',
      'error_code': 0,
      'error_code_dateteime': None,
      'mode': 'MAIN_AREA',
      'state': 'RESTRICTED',
    }),
    'planner': dict({
      'next_start_dateteime': '2023-06-05T19:00:00+00:00',
      'override': dict({
        'action': 'NOT_ACTIVE',
      }),
      'restricted_reason': 'WEEK_SCHEDULE',
    }),
    'positions': '**REDACTED**',
    'statistics': dict({
      'cutting_blade_usage_time': None,
      'number_of_charging_cycles': 1380,
      'number_of_collisions': 11396,
      'total_charging_time': 4334400,
      'total_cutting_time': 4194000,
      'total_drive_distance': 1780272,
      'total_running_time': 4564800,
      'total_searching_time': 370800,
    }),
    'stay_out_zones': None,
    'system': dict({
      'model': '450XH-TEST',
      'name': 'Test Mower 1',
      'serial_number': 123,
    }),
    'work_areas': None,
  })
# ---
# name: test_entry_diagnostics
  dict({
    'data': dict({
      'auth_implementation': 'husqvarna_automower',
      'token': dict({
        'access_token': '**REDACTED**',
        'expires_at': 1709208000.0,
        'expires_in': 86399,
        'provider': 'husqvarna',
        'refresh_token': '**REDACTED**',
        'scope': 'iam:read amc:api',
        'token_type': 'Bearer',
        'user_id': '123',
      }),
    }),
    'disabled_by': None,
    'domain': 'husqvarna_automower',
    'entry_id': 'automower_test',
    'minor_version': 1,
    'options': dict({
    }),
    'pref_disable_new_entities': False,
    'pref_disable_polling': False,
    'source': 'user',
    'title': 'Husqvarna Automower of Erika Mustermann',
    'unique_id': '123',
    'version': 1,
  })
# ---
