# serializer version: 1
# name: test_switch[switch.test_mower_1_park_until_further_notice-entry]
  EntityRegistryEntrySnapshot({
    'aliases': set({
    }),
    'area_id': None,
    'capabilities': None,
    'config_entry_id': <ANY>,
    'device_class': None,
    'device_id': <ANY>,
    'disabled_by': None,
    'domain': 'switch',
    'entity_category': None,
    'entity_id': 'switch.test_mower_1_park_until_further_notice',
    'has_entity_name': True,
    'hidden_by': None,
    'icon': None,
    'id': <ANY>,
    'name': None,
    'options': dict({
    }),
    'original_device_class': None,
    'original_icon': None,
    'original_name': 'Park until further notice',
    'platform': 'husqvarna_automower',
    'previous_unique_id': None,
    'supported_features': 0,
    'translation_key': 'park_until_further_notice',
    'unique_id': 'c7233734-b219-4287-a173-08e3643f89f0_park_until_further_notice',
    'unit_of_measurement': None,
  })
# ---
# name: test_switch[switch.test_mower_1_park_until_further_notice-state]
  StateSnapshot({
    'attributes': ReadOnlyDict({
      'friendly_name': 'Test Mower 1 Park until further notice',
    }),
    'context': <ANY>,
    'entity_id': 'switch.test_mower_1_park_until_further_notice',
    'last_changed': <ANY>,
    'last_updated': <ANY>,
    'state': 'off',
  })
# ---
