# serializer version: 1
# name: test_api_get_services
  list([
  ])
# ---
