# serializer version: 1
# name: test_entry_diagnostics
  dict({
    'device_api': True,
    'features': list([
      'reset',
      'update',
      'led',
      'intmtg',
      'wifi1',
    ]),
    'firmware': '5.6.1',
    'mt_number': '2730',
    'plcnet_api': True,
    'product': 'dLAN pro 1200+ WiFi ac',
  })
# ---
