# serializer version: 1
# name: test_registry_settings
  list([
    EntityRegistryEntrySnapshot({
      'aliases': set({
      }),
      'area_id': None,
      'capabilities': dict({
        'fan_modes': list([
          'auto',
          'low',
          'medium low',
          'medium',
          'medium high',
          'high',
        ]),
        'hvac_modes': list([
          <HVACMode.AUTO: 'auto'>,
          <HVACMode.COOL: 'cool'>,
          <HVACMode.DRY: 'dry'>,
          <HVACMode.FAN_ONLY: 'fan_only'>,
          <HVACMode.HEAT: 'heat'>,
          <HVACMode.OFF: 'off'>,
        ]),
        'max_temp': 30,
        'min_temp': 8,
        'preset_modes': list([
          'eco',
          'away',
          'boost',
          'none',
          'sleep',
        ]),
        'swing_modes': list([
          'off',
          'vertical',
          'horizontal',
          'both',
        ]),
        'target_temp_step': 1,
      }),
      'config_entry_id': <ANY>,
      'device_class': None,
      'device_id': <ANY>,
      'disabled_by': None,
      'domain': 'climate',
      'entity_category': None,
      'entity_id': 'climate.fake_device_1',
      'has_entity_name': False,
      'hidden_by': None,
      'icon': None,
      'id': <ANY>,
      'name': None,
      'options': dict({
      }),
      'original_device_class': None,
      'original_icon': None,
      'original_name': 'fake-device-1',
      'platform': 'gree',
      'supported_features': <ClimateEntityFeature.SWING_MODE|PRESET_MODE|FAN_MODE|TARGET_TEMPERATURE: 57>,
      'translation_key': None,
      'unique_id': 'aabbcc112233',
      'unit_of_measurement': None,
    }),
    EntityRegistryEntrySnapshot({
      'aliases': set({
      }),
      'area_id': None,
      'capabilities': None,
      'config_entry_id': <ANY>,
      'device_class': None,
      'device_id': <ANY>,
      'disabled_by': None,
      'domain': 'switch',
      'entity_category': None,
      'entity_id': 'switch.fake_device_1_panel_light',
      'has_entity_name': False,
      'hidden_by': None,
      'icon': None,
      'id': <ANY>,
      'name': None,
      'options': dict({
      }),
      'original_device_class': <SwitchDeviceClass.SWITCH: 'switch'>,
      'original_icon': 'mdi:lightbulb',
      'original_name': 'fake-device-1 Panel Light',
      'platform': 'gree',
      'supported_features': 0,
      'translation_key': None,
      'unique_id': 'aabbcc112233_Panel Light',
      'unit_of_measurement': None,
    }),
    EntityRegistryEntrySnapshot({
      'aliases': set({
      }),
      'area_id': None,
      'capabilities': None,
      'config_entry_id': <ANY>,
      'device_class': None,
      'device_id': <ANY>,
      'disabled_by': <RegistryEntryDisabler.INTEGRATION: 'integration'>,
      'domain': 'switch',
      'entity_category': None,
      'entity_id': 'switch.fake_device_1_health_mode',
      'has_entity_name': False,
      'hidden_by': None,
      'icon': None,
      'id': <ANY>,
      'name': None,
      'options': dict({
      }),
      'original_device_class': <SwitchDeviceClass.SWITCH: 'switch'>,
      'original_icon': 'mdi:pine-tree',
      'original_name': 'fake-device-1 Health mode',
      'platform': 'gree',
      'supported_features': 0,
      'translation_key': None,
      'unique_id': 'aabbcc112233_Health mode',
      'unit_of_measurement': None,
    }),
    EntityRegistryEntrySnapshot({
      'aliases': set({
      }),
      'area_id': None,
      'capabilities': None,
      'config_entry_id': <ANY>,
      'device_class': None,
      'device_id': <ANY>,
      'disabled_by': None,
      'domain': 'switch',
      'entity_category': None,
      'entity_id': 'switch.fake_device_1_quiet',
      'has_entity_name': False,
      'hidden_by': None,
      'icon': None,
      'id': <ANY>,
      'name': None,
      'options': dict({
      }),
      'original_device_class': <SwitchDeviceClass.SWITCH: 'switch'>,
      'original_icon': None,
      'original_name': 'fake-device-1 Quiet',
      'platform': 'gree',
      'supported_features': 0,
      'translation_key': None,
      'unique_id': 'aabbcc112233_Quiet',
      'unit_of_measurement': None,
    }),
    EntityRegistryEntrySnapshot({
      'aliases': set({
      }),
      'area_id': None,
      'capabilities': None,
      'config_entry_id': <ANY>,
      'device_class': None,
      'device_id': <ANY>,
      'disabled_by': None,
      'domain': 'switch',
      'entity_category': None,
      'entity_id': 'switch.fake_device_1_fresh_air',
      'has_entity_name': False,
      'hidden_by': None,
      'icon': None,
      'id': <ANY>,
      'name': None,
      'options': dict({
      }),
      'original_device_class': <SwitchDeviceClass.SWITCH: 'switch'>,
      'original_icon': None,
      'original_name': 'fake-device-1 Fresh Air',
      'platform': 'gree',
      'supported_features': 0,
      'translation_key': None,
      'unique_id': 'aabbcc112233_Fresh Air',
      'unit_of_measurement': None,
    }),
    EntityRegistryEntrySnapshot({
      'aliases': set({
      }),
      'area_id': None,
      'capabilities': None,
      'config_entry_id': <ANY>,
      'device_class': None,
      'device_id': <ANY>,
      'disabled_by': None,
      'domain': 'switch',
      'entity_category': None,
      'entity_id': 'switch.fake_device_1_xfan',
      'has_entity_name': False,
      'hidden_by': None,
      'icon': None,
      'id': <ANY>,
      'name': None,
      'options': dict({
      }),
      'original_device_class': <SwitchDeviceClass.SWITCH: 'switch'>,
      'original_icon': None,
      'original_name': 'fake-device-1 XFan',
      'platform': 'gree',
      'supported_features': 0,
      'translation_key': None,
      'unique_id': 'aabbcc112233_XFan',
      'unit_of_measurement': None,
    }),
  ])
# ---
