# serializer version: 1
# name: test_entry_diagnostics
  dict({
    'config_entry_data': dict({
      'password': '**REDACTED**',
      'username': '**REDACTED**',
    }),
  })
# ---
