# serializer version: 1
# name: test_updates[all]
  list([
    StateSnapshot({
      'attributes': ReadOnlyDict({
        'auto_update': False,
        'entity_picture': 'https://brands.home-assistant.io/_/tessie/icon.png',
        'friendly_name': 'Test Update',
        'in_progress': False,
        'installed_version': '2023.38.6',
        'latest_version': '2023.44.30.4',
        'release_summary': None,
        'release_url': None,
        'skipped_version': None,
        'supported_features': <UpdateEntityFeature: 5>,
        'title': None,
      }),
      'context': <ANY>,
      'entity_id': 'update.test_update',
      'last_changed': <ANY>,
      'last_updated': <ANY>,
      'state': 'on',
    }),
  ])
# ---
