# serializer version: 1
# name: test_select[all]
  list([
    StateSnapshot({
      'attributes': ReadOnlyDict({
        'friendly_name': 'Test Seat heater left',
        'options': list([
          <TessieSeatHeaterOptions.OFF: 'off'>,
          <TessieSeatHeaterOptions.LOW: 'low'>,
          <TessieSeatHeaterOptions.MEDIUM: 'medium'>,
          <TessieSeatHeaterOptions.HIGH: 'high'>,
        ]),
      }),
      'context': <ANY>,
      'entity_id': 'select.test_seat_heater_left',
      'last_changed': <ANY>,
      'last_updated': <ANY>,
      'state': 'off',
    }),
    StateSnapshot({
      'attributes': ReadOnlyDict({
        'friendly_name': 'Test Seat heater right',
        'options': list([
          <TessieSeatHeaterOptions.OFF: 'off'>,
          <TessieSeatHeaterOptions.LOW: 'low'>,
          <TessieSeatHeaterOptions.MEDIUM: 'medium'>,
          <TessieSeatHeaterOptions.HIGH: 'high'>,
        ]),
      }),
      'context': <ANY>,
      'entity_id': 'select.test_seat_heater_right',
      'last_changed': <ANY>,
      'last_updated': <ANY>,
      'state': 'off',
    }),
    StateSnapshot({
      'attributes': ReadOnlyDict({
        'friendly_name': 'Test Seat heater rear left',
        'options': list([
          <TessieSeatHeaterOptions.OFF: 'off'>,
          <TessieSeatHeaterOptions.LOW: 'low'>,
          <TessieSeatHeaterOptions.MEDIUM: 'medium'>,
          <TessieSeatHeaterOptions.HIGH: 'high'>,
        ]),
      }),
      'context': <ANY>,
      'entity_id': 'select.test_seat_heater_rear_left',
      'last_changed': <ANY>,
      'last_updated': <ANY>,
      'state': 'off',
    }),
    StateSnapshot({
      'attributes': ReadOnlyDict({
        'friendly_name': 'Test Seat heater rear center',
        'options': list([
          <TessieSeatHeaterOptions.OFF: 'off'>,
          <TessieSeatHeaterOptions.LOW: 'low'>,
          <TessieSeatHeaterOptions.MEDIUM: 'medium'>,
          <TessieSeatHeaterOptions.HIGH: 'high'>,
        ]),
      }),
      'context': <ANY>,
      'entity_id': 'select.test_seat_heater_rear_center',
      'last_changed': <ANY>,
      'last_updated': <ANY>,
      'state': 'off',
    }),
    StateSnapshot({
      'attributes': ReadOnlyDict({
        'friendly_name': 'Test Seat heater rear right',
        'options': list([
          <TessieSeatHeaterOptions.OFF: 'off'>,
          <TessieSeatHeaterOptions.LOW: 'low'>,
          <TessieSeatHeaterOptions.MEDIUM: 'medium'>,
          <TessieSeatHeaterOptions.HIGH: 'high'>,
        ]),
      }),
      'context': <ANY>,
      'entity_id': 'select.test_seat_heater_rear_right',
      'last_changed': <ANY>,
      'last_updated': <ANY>,
      'state': 'off',
    }),
  ])
# ---
